#-----------------------------------------------------------
# Vivado v2018.3 (64-bit)
# SW Build 2405991 on Thu Dec  6 23:38:27 MST 2018
# IP Build 2404404 on Fri Dec  7 01:43:56 MST 2018
# Start of session at: Mon May 18 14:13:24 2020
# Process ID: 14956
# Current directory: C:/Users/HP/Desktop/Basys3-Undertale
# Command line: vivado.exe -gui_launcher_event rodinguilauncherevent2632 C:\Users\HP\Desktop\Basys3-Undertale\FinalProject.xpr
# Log file: C:/Users/HP/Desktop/Basys3-Undertale/vivado.log
# Journal file: C:/Users/HP/Desktop/Basys3-Undertale\vivado.jou
#-----------------------------------------------------------
start_gui
open_project C:/Users/HP/Desktop/Basys3-Undertale/FinalProject.xpr
update_compile_order -fileset sources_1
import_files -norecurse {C:/Users/HP/Desktop/VGA-Text-Generator/VGA-Text-Generator.srcs/sources_1/new/Font_Rom.vhd C:/Users/HP/Desktop/VGA-Text-Generator/VGA-Text-Generator.srcs/sources_1/new/wrapper.vhd C:/Users/HP/Desktop/VGA-Text-Generator/VGA-Text-Generator.srcs/sources_1/new/Pixel_On_Text.vhd C:/Users/HP/Desktop/VGA-Text-Generator/VGA-Text-Generator.srcs/sources_1/new/Pixel_On_Text2.vhd C:/Users/HP/Desktop/VGA-Text-Generator/VGA-Text-Generator.srcs/sources_1/new/commonPak.vhd}
update_compile_order -fileset sources_1
